<?xml version="1.0" encoding="UTF-8"?>
<testsuites name="jest tests" tests="2" failures="0" time="2.912">
  <testsuite name="AppComponent" errors="0" failures="0" skipped="0" timestamp="2022-04-15T20:01:33" time="2.121" tests="2">
    <testcase classname="AppComponent should create the app" name="AppComponent should create the app" time="0.034">
    </testcase>
    <testcase classname="AppComponent should have as title &apos;Movie App&apos;" name="AppComponent should have as title &apos;Movie App&apos;" time="0.012">
    </testcase>
  </testsuite>
</testsuites>
